// Jest Snapshot v1, https://goo.gl/fbAQLP

exports[`CreateProject matches snapshot 1`] = `
<div>
  <h1>
    Edit Offsetting Project
  </h1>
  <form
    class="sc-bczRLJ goEvZo"
  >
    <label
      class="sc-gsnTZi fioPzC"
    >
      Name
      <input
        required=""
        type="text"
        value=""
      />
    </label>
    <label
      class="sc-gsnTZi fioPzC"
    >
      Description (optional)
      <input
        type="text"
        value=""
      />
    </label>
    <input
      class="sc-dkzDqf ebizIa"
      type="submit"
      value="Submit"
    />
  </form>
</div>
`;
